
2022-07-19 04:57:21 :: 
 5 Product links has been loaded for category 耳環/耳夾!
2022-07-19 04:58:30 :: Product Published :: 口罩繩 I 嬉皮編織掛繩 I 混色毛線 I 麻線 I 霓虹藍紫 
2022-07-19 04:58:38 :: 
 5 Product links has been loaded for category 髮帶/髮箍!
2022-07-19 04:58:45 :: 
 5 Product links has been loaded for category 徽章/別針!
2022-07-19 04:59:55 :: Product Published :: 王妃 - 925銀鍍金母乳飾品開口戒指 
2022-07-19 04:59:56 :: Product Published :: 王妃 - 925銀鍍金母乳飾品開口戒指 
2022-07-19 05:00:10 :: 
 5 Product links has been loaded for category 手鍊/手環!
2022-07-19 05:01:06 :: Product Published :: Relic 中古石英幻彩鮑魚殻製 手錶 
2022-07-19 05:01:13 :: 
 5 Product links has been loaded for category 眼鏡/眼鏡框!
2022-07-19 05:01:46 :: 
 5 Product links has been loaded for category 胸花/手腕花!
2022-07-19 05:02:31 :: 
 5 Product links has been loaded for category 項鍊!
2022-07-19 05:03:33 :: 
 5 Product links has been loaded for category 太陽眼鏡/墨鏡!
2022-07-19 05:04:13 :: Product Published :: 嬉皮編織腳環 I 混色毛線 I 染色麻線 I 綠彩 
2022-07-19 05:04:21 :: 
 5 Product links has been loaded for category 頸鏈!
2022-07-19 05:04:22 :: 
 5 Product links has been loaded for category 髮飾!
2022-07-19 05:05:49 :: 
 5 Product links has been loaded for category 女錶!
2022-07-19 05:07:15 :: 
 5 Product links has been loaded for category 鎖骨鍊!
2022-07-19 05:07:28 :: 
 5 Product links has been loaded for category 髮帶/髮箍!
2022-07-19 05:08:15 :: Product Published :: หินอความารีนธรรมชาติ 6 มม. จี้พลอยกลม ตาปีศาจ สร้อยคอสร้อยข้อมือชุด 16 นิ้ว 
2022-07-19 05:08:44 :: 
 5 Product links has been loaded for category 男錶/中性錶!
2022-07-19 05:09:46 :: 
 5 Product links has been loaded for category 長項鍊!
2022-07-19 05:09:49 :: 
 5 Product links has been loaded for category 眼鏡/眼鏡框!
2022-07-19 05:11:08 :: 
 5 Product links has been loaded for category 對錶/情侶錶!
2022-07-19 05:11:56 :: 
 5 Product links has been loaded for category 戒指!
2022-07-19 05:12:01 :: 
 5 Product links has been loaded for category 太陽眼鏡/墨鏡!
2022-07-19 05:12:01 :: Product Published :: 編髮夾 I 混羊毛線 I 紫藍 
2022-07-19 05:13:14 :: 
 5 Product links has been loaded for category 錶帶!
2022-07-19 05:14:11 :: 
 5 Product links has been loaded for category 對戒!
2022-07-19 05:14:35 :: 
 5 Product links has been loaded for category 女錶!
2022-07-19 05:15:24 :: 
 5 Product links has been loaded for category 配件飾品!